// Jest Snapshot v1, https://goo.gl/fbAQLP

exports[`Curve animations error gracefully 1`] = `
<CurveTab
  context={
    {
      "context": {
        "moduleContexts": {
          "curve": {
            "state": {
              "drawnCurves": [
                AnimatedCurve {
                  "angle": 0,
                  "drawer": [Function],
                  "duration": 1,
                  "fps": 60,
                  "func": [Function],
                  "is3D": false,
                  "toReplString": [Function],
                },
              ],
            },
          },
        },
      },
    }
  }
/>
`;
